11:04:26
===================================================
tty2 
===================================================
/home/patt/MSO_labs/lab1
===================================================
/root
===================================================
NAME     LINE         TIME             COMMENT
patt     tty2         2025-09-09 10:01 (tty2)
patt     pts/2        2025-09-09 11:04
===================================================
    PID TTY          TIME CMD
   4480 pts/2    00:00:00 sudo
   4481 pts/2    00:00:00 part9.sh
   4496 pts/2    00:00:00 ps
===================================================
speed 38400 baud; line = 0;
-brkint -imaxbel iutf8
===================================================
